#
# There is insufficient memory for the Java Runtime Environment to continue.
# Native memory allocation (mmap) failed to map 130023424 bytes. Error detail: G1 virtual space
# Possible reasons:
#   The system is out of physical RAM or swap space
#   This process is running with CompressedOops enabled, and the Java Heap may be blocking the growth of the native heap
# Possible solutions:
#   Reduce memory load on the system
#   Increase physical memory or swap space
#   Check if swap backing store is full
#   Decrease Java heap size (-Xmx/-Xms)
#   Decrease number of Java threads
#   Decrease Java thread stack sizes (-Xss)
#   Set larger code cache with -XX:ReservedCodeCacheSize=
#   JVM is running with Unscaled Compressed Oops mode in which the Java heap is
#     placed in the first 4GB address space. The Java Heap base address is the
#     maximum limit for the native heap growth. Please use -XX:HeapBaseMinAddress
#     to set the Java Heap base and to place the Java Heap above 4GB virtual address.
# This output file may be truncated or incomplete.
#
#  Out of Memory Error (os_windows.cpp:3564), pid=26972, tid=812
#
# JRE version:  (24.0.1+9) (build )
# Java VM: Java HotSpot(TM) 64-Bit Server VM (24.0.1+9-30, mixed mode, sharing, tiered, compressed oops, compressed class ptrs, g1 gc, windows-amd64)
# No core dump will be written. Minidumps are not enabled by default on client versions of Windows
#

---------------  S U M M A R Y ------------

Command Line: -agentlib:jdwp=transport=dt_socket,address=127.0.0.1:62924,suspend=y,server=n -javaagent:C:\Users\sourabh.jain\AppData\Local\JetBrains\IdeaIC2025.2\captureAgent\debugger-agent.jar=file:///C:/Users/SOURAB~1.JAI/AppData/Local/Temp/capture9639023777255568627.props -Dkotlinx.coroutines.debug.enable.creation.stack.trace=false -Ddebugger.agent.enable.coroutines=true -Dkotlinx.coroutines.debug.enable.flows.stack.trace=true -Dkotlinx.coroutines.debug.enable.mutable.state.flows.stack.trace=true -Dfile.encoding=UTF-8 -Dsun.stdout.encoding=UTF-8 -Dsun.stderr.encoding=UTF-8 Session10.LargestNumber

Host: 11th Gen Intel(R) Core(TM) i5-1135G7 @ 2.40GHz, 8 cores, 7G,  Windows 11 , 64 bit Build 26100 (10.0.26100.7309)
Time: Tue Jan  6 15:42:11 2026 India Standard Time elapsed time: 1.243155 seconds (0d 0h 0m 1s)

---------------  T H R E A D  ---------------

Current thread (0x000001491dd3a2b0):  JavaThread "Unknown thread" [_thread_in_vm, id=812, stack(0x0000001310c00000,0x0000001310d00000) (1024K)]

Stack: [0x0000001310c00000,0x0000001310d00000]
Native frames: (J=compiled Java code, j=interpreted, Vv=VM code, C=native code)
V  [jvm.dll+0x730739]  (no source info available)
V  [jvm.dll+0x8d9b23]  (no source info available)
V  [jvm.dll+0x8dc00d]  (no source info available)
V  [jvm.dll+0x8dc683]  (no source info available)
V  [jvm.dll+0x2aa086]  (no source info available)
V  [jvm.dll+0x72cc65]  (no source info available)
V  [jvm.dll+0x72059a]  (no source info available)
V  [jvm.dll+0x390cea]  (no source info available)
V  [jvm.dll+0x3989f6]  (no source info available)
V  [jvm.dll+0x38523e]  (no source info available)
V  [jvm.dll+0x3854f8]  (no source info available)
V  [jvm.dll+0x35d0cc]  (no source info available)
V  [jvm.dll+0x35dd8d]  (no source info available)
V  [jvm.dll+0x89d28f]  (no source info available)
V  [jvm.dll+0x3f985d]  (no source info available)
V  [jvm.dll+0x8858e6]  (no source info available)
V  [jvm.dll+0x495f3e]  (no source info available)
V  [jvm.dll+0x497d11]  (no source info available)
C  [jli.dll+0x52a1]  (no source info available)
C  [ucrtbase.dll+0x37b0]  (no source info available)
C  [KERNEL32.DLL+0x2e8d7]  (no source info available)
C  [ntdll.dll+0x8c53c]  (no source info available)

Lock stack of current Java thread (top to bottom):


---------------  P R O C E S S  ---------------

Threads class SMR info:
_java_thread_list=0x00007ffb4628f318, length=0, elements={
}

Java Threads: ( => current thread )
Total: 0

Other Threads:
  0x000001491dd93430 WorkerThread "GC Thread#0"                     [id=7348, stack(0x0000001310d00000,0x0000001310e00000) (1024K)]
  0x000001491dda7af0 ConcurrentGCThread "G1 Main Marker"            [id=10652, stack(0x0000001310e00000,0x0000001310f00000) (1024K)]
  0x000001491ddaa940 WorkerThread "G1 Conc#0"                       [id=27036, stack(0x0000001310f00000,0x0000001311000000) (1024K)]

[error occurred during error reporting (printing all threads), id 0xc0000005, EXCEPTION_ACCESS_VIOLATION (0xc0000005) at pc=0x00007ffb459c14ea]
VM state: not at safepoint (not fully initialized)

VM Mutex/Monitor currently owned by a thread:  ([mutex/lock_event])
[0x00007ffb463145b0] Heap_lock - owner thread: 0x000001491dd3a2b0

Heap address: 0x0000000084a00000, size: 1974 MB, Compressed Oops mode: 32-bit

CDS archive(s) mapped at: [0x0000000000000000-0x0000000000000000-0x0000000000000000), size 0, SharedBaseAddress: 0x0000000800000000, ArchiveRelocationMode: 1.
UseCompressedClassPointers 1, UseCompactObjectHeaders 0
Narrow klass pointer bits 32, Max shift 3
Narrow klass base: 0xffffffffffffffff, Narrow klass shift: -1
Encoding Range: [0xffffffffffffffff - 0x000000007fffffff), (2147483648 bytes)
Klass Range:    [0x0000000000000000 - 0x0000000000000000), (0 bytes)
Klass ID Range:  [4294967295 - 0) (1)

GC Precious Log:
 CardTable entry size: 512
 Card Set container configuration: InlinePtr #cards 5 size 8 Array Of Cards #cards 10 size 36 Howl #buckets 4 coarsen threshold 1843 Howl Bitmap #cards 512 size 80 coarsen threshold 460 Card regions per heap region 1 cards per card region 2048

Heap:
 garbage-first heap   total reserved 2021376K, committed 0K, used 0K [0x0000000084a00000, 0x0000000100000000)
  region size 1024K, 0 young (0K), 0 survivors (0K)

[error occurred during error reporting (printing heap information), id 0xc0000005, EXCEPTION_ACCESS_VIOLATION (0xc0000005) at pc=0x00007ffb45dde3e9]
GC Heap History (0 events):
No events

Dll operation events (2 events):
Event: 0.154 Loaded shared library C:\Program Files\Java\jdk-24\bin\java.dll
Event: 0.156 Loaded shared library C:\Program Files\Java\jdk-24\bin\zip.dll

Deoptimization events (0 events):
No events

Classes loaded (0 events):
No events

Classes unloaded (0 events):
No events

Classes redefined (0 events):
No events

Internal exceptions (0 events):
No events

VM Operations (0 events):
No events

Memory protections (0 events):
No events

Nmethod flushes (0 events):
No events

Events (0 events):
No events


Dynamic libraries:
0x00007ff696de0000 - 0x00007ff696df0000 	C:\Program Files\Java\jdk-24\bin\java.exe
0x00007ffbcf440000 - 0x00007ffbcf6a7000 	C:\WINDOWS\SYSTEM32\ntdll.dll
0x00007ffbce790000 - 0x00007ffbce859000 	C:\WINDOWS\System32\KERNEL32.DLL
0x00007ffbcc9e0000 - 0x00007ffbccdcf000 	C:\WINDOWS\System32\KERNELBASE.dll
0x00007ffbcd090000 - 0x00007ffbcd1db000 	C:\WINDOWS\System32\ucrtbase.dll
0x00007ffbb5a50000 - 0x00007ffbb5a6b000 	C:\Program Files\Java\jdk-24\bin\VCRUNTIME140.dll
0x00007ffbc2700000 - 0x00007ffbc2716000 	C:\Program Files\Java\jdk-24\bin\jli.dll
0x00007ffbce160000 - 0x00007ffbce325000 	C:\WINDOWS\System32\USER32.dll
0x00007ffbccfd0000 - 0x00007ffbccff7000 	C:\WINDOWS\System32\win32u.dll
0x00007ffbb2a90000 - 0x00007ffbb2d23000 	C:\WINDOWS\WinSxS\amd64_microsoft.windows.common-controls_6595b64144ccf1df_6.0.26100.7309_none_3e05feeae336a044\COMCTL32.dll
0x00007ffbce960000 - 0x00007ffbce98b000 	C:\WINDOWS\System32\GDI32.dll
0x00007ffbceec0000 - 0x00007ffbcef69000 	C:\WINDOWS\System32\msvcrt.dll
0x00007ffbccde0000 - 0x00007ffbccf0c000 	C:\WINDOWS\System32\gdi32full.dll
0x00007ffbcc640000 - 0x00007ffbcc6e3000 	C:\WINDOWS\System32\msvcp_win.dll
0x00007ffbce030000 - 0x00007ffbce061000 	C:\WINDOWS\System32\IMM32.DLL
0x00007ffbbedb0000 - 0x00007ffbbedbc000 	C:\Program Files\Java\jdk-24\bin\vcruntime140_1.dll
0x00007ffb97870000 - 0x00007ffb978fe000 	C:\Program Files\Java\jdk-24\bin\msvcp140.dll
0x00007ffb45650000 - 0x00007ffb463f2000 	C:\Program Files\Java\jdk-24\bin\server\jvm.dll
0x00007ffbcd9a0000 - 0x00007ffbcda54000 	C:\WINDOWS\System32\ADVAPI32.dll
0x00007ffbcee10000 - 0x00007ffbceeb6000 	C:\WINDOWS\System32\sechost.dll
0x00007ffbce9a0000 - 0x00007ffbceab8000 	C:\WINDOWS\System32\RPCRT4.dll
0x00007ffbcec80000 - 0x00007ffbcecf4000 	C:\WINDOWS\System32\WS2_32.dll
0x00007ffbc1460000 - 0x00007ffbc146b000 	C:\WINDOWS\SYSTEM32\VERSION.dll
0x00007ffbc5780000 - 0x00007ffbc57b5000 	C:\WINDOWS\SYSTEM32\WINMM.dll
0x00007ffbcc410000 - 0x00007ffbcc46e000 	C:\WINDOWS\SYSTEM32\POWRPROF.dll
0x00007ffbcc3f0000 - 0x00007ffbcc404000 	C:\WINDOWS\SYSTEM32\UMPDC.dll
0x00007ffbcb300000 - 0x00007ffbcb31b000 	C:\WINDOWS\SYSTEM32\kernel.appcore.dll
0x00007ffbb3d00000 - 0x00007ffbb3d0a000 	C:\Program Files\Java\jdk-24\bin\jimage.dll
0x00007ffbc9c20000 - 0x00007ffbc9e62000 	C:\WINDOWS\SYSTEM32\DBGHELP.DLL
0x00007ffbcdb30000 - 0x00007ffbcdeb5000 	C:\WINDOWS\System32\combase.dll
0x00007ffbce510000 - 0x00007ffbce5e6000 	C:\WINDOWS\System32\OLEAUT32.dll
0x00007ffbc5720000 - 0x00007ffbc575c000 	C:\WINDOWS\SYSTEM32\dbgcore.DLL
0x00007ffbcc590000 - 0x00007ffbcc635000 	C:\WINDOWS\System32\bcryptPrimitives.dll
0x00007ffb9f300000 - 0x00007ffb9f33c000 	C:\Program Files\Java\jdk-24\bin\jdwp.dll
0x00007ffb9f2f0000 - 0x00007ffb9f2ff000 	C:\Program Files\Java\jdk-24\bin\instrument.dll
0x00007ffbb3ce0000 - 0x00007ffbb3cfe000 	C:\Program Files\Java\jdk-24\bin\java.dll
0x00007ffbce5f0000 - 0x00007ffbce787000 	C:\WINDOWS\System32\ole32.dll
0x00007ffbcd240000 - 0x00007ffbcd993000 	C:\WINDOWS\System32\SHELL32.dll
0x00007ffbcc870000 - 0x00007ffbcc9da000 	C:\WINDOWS\System32\wintypes.dll
0x00007ffb99820000 - 0x00007ffb99837000 	C:\Program Files\Java\jdk-24\bin\zip.dll

JVMTI agents:
jdwp path:none, loaded, not initialized, options:transport=dt_socket,address=127.0.0.1:62924,suspend=y,server=n
C:\Users\sourabh.jain\AppData\Local\JetBrains\IdeaIC2025.2\captureAgent\debugger-agent.jar path:none, loaded, not initialized, instrumentlib options:file:///C:/Users/SOURAB~1.JAI/AppData/Local/Temp/capture9639023777255568627.props

dbghelp: loaded successfully - version: 4.0.5 - missing functions: none
symbol engine: initialized successfully - sym options: 0x614 - pdb path: .;C:\Program Files\Java\jdk-24\bin;C:\WINDOWS\SYSTEM32;C:\WINDOWS\WinSxS\amd64_microsoft.windows.common-controls_6595b64144ccf1df_6.0.26100.7309_none_3e05feeae336a044;C:\Program Files\Java\jdk-24\bin\server

VM Arguments:
jvm_args: -agentlib:jdwp=transport=dt_socket,address=127.0.0.1:62924,suspend=y,server=n -javaagent:C:\Users\sourabh.jain\AppData\Local\JetBrains\IdeaIC2025.2\captureAgent\debugger-agent.jar=file:///C:/Users/SOURAB~1.JAI/AppData/Local/Temp/capture9639023777255568627.props -Dkotlinx.coroutines.debug.enable.creation.stack.trace=false -Ddebugger.agent.enable.coroutines=true -Dkotlinx.coroutines.debug.enable.flows.stack.trace=true -Dkotlinx.coroutines.debug.enable.mutable.state.flows.stack.trace=true -Dfile.encoding=UTF-8 -Dsun.stdout.encoding=UTF-8 -Dsun.stderr.encoding=UTF-8 
java_command: Session10.LargestNumber
java_class_path (initial): C:\Users\sourabh.jain\IdeaProjects\JavaPractice\out\production\JavaPractice;C:\Program Files\JetBrains\IntelliJ IDEA Community Edition 2025.2.4\lib\idea_rt.jar
Launcher Type: SUN_STANDARD

[Global flags]
     intx CICompilerCount                          = 4                                         {product} {ergonomic}
     uint ConcGCThreads                            = 2                                         {product} {ergonomic}
     uint G1ConcRefinementThreads                  = 8                                         {product} {ergonomic}
   size_t G1HeapRegionSize                         = 1048576                                   {product} {ergonomic}
   size_t InitialHeapSize                          = 130023424                                 {product} {ergonomic}
   size_t MarkStackSize                            = 4194304                                   {product} {ergonomic}
   size_t MarkStackSizeMax                         = 536870912                                 {product} {ergonomic}
   size_t MaxHeapSize                              = 2069889024                                {product} {ergonomic}
   size_t MinHeapDeltaBytes                        = 1048576                                   {product} {ergonomic}
   size_t MinHeapSize                              = 8388608                                   {product} {ergonomic}
    uintx NonNMethodCodeHeapSize                   = 5832704                                {pd product} {ergonomic}
    uintx NonProfiledCodeHeapSize                  = 122945536                              {pd product} {ergonomic}
    uintx ProfiledCodeHeapSize                     = 122880000                              {pd product} {ergonomic}
    uintx ReservedCodeCacheSize                    = 251658240                              {pd product} {ergonomic}
     bool SegmentedCodeCache                       = true                                      {product} {ergonomic}
   size_t SoftMaxHeapSize                          = 2069889024                             {manageable} {ergonomic}
     bool UseCompressedOops                        = true                           {product lp64_product} {ergonomic}
     bool UseG1GC                                  = true                                      {product} {ergonomic}
     bool UseLargePagesIndividualAllocation        = false                                  {pd product} {ergonomic}

Logging:
Log output configuration:
 #0: stdout all=warning uptime,level,tags foldmultilines=false
 #1: stderr all=off uptime,level,tags foldmultilines=false

Environment Variables:
JAVA_HOME=D:\Java\openjdk-21+35_windows-x64_bin\jdk-21
PATH=C:\Program Files\Common Files\Oracle\Java\javapath;C:\WINDOWS\system32;C:\WINDOWS;C:\WINDOWS\System32\Wbem;C:\WINDOWS\System32\WindowsPowerShell\v1.0\;C:\WINDOWS\System32\OpenSSH\;D:\Java\openjdk-21+35_windows-x64_bin\jdk-21\bin;C:\Program Files\Git\cmd;C:\Users\sourabh.jain\AppData\Local\Microsoft\WindowsApps;C:\Program Files\Java\jdk-24\bin
USERNAME=sourabh.jain
OS=Windows_NT
PROCESSOR_IDENTIFIER=Intel64 Family 6 Model 140 Stepping 1, GenuineIntel
TMP=C:\Users\SOURAB~1.JAI\AppData\Local\Temp
TEMP=C:\Users\SOURAB~1.JAI\AppData\Local\Temp




Periodic native trim disabled

---------------  S Y S T E M  ---------------

OS:
 Windows 11 , 64 bit Build 26100 (10.0.26100.7309)
OS uptime: 7 days 21:11 hours
Hyper-V role detected

CPU: total 8 (initial active 8) (4 cores per cpu, 2 threads per core) family 6 model 140 stepping 1 microcode 0x86, cx8, cmov, fxsr, ht, mmx, 3dnowpref, sse, sse2, sse3, ssse3, sse4.1, sse4.2, popcnt, lzcnt, tsc, tscinvbit, avx, avx2, aes, erms, clmul, bmi1, bmi2, adx, avx512f, avx512dq, avx512cd, avx512bw, avx512vl, sha, fma, vzeroupper, avx512_vpopcntdq, avx512_vpclmulqdq, avx512_vaes, avx512_vnni, clflush, clflushopt, clwb, avx512_vbmi2, avx512_vbmi, hv, rdtscp, rdpid, fsrm, gfni, avx512_bitalg, f16c, cet_ibt, cet_ss, avx512_ifma
Processor Information for processor 0
  Max Mhz: 2419, Current Mhz: 2419, Mhz Limit: 2419
Processor Information for processor 1
  Max Mhz: 2419, Current Mhz: 1209, Mhz Limit: 2419
Processor Information for processor 2
  Max Mhz: 2419, Current Mhz: 2419, Mhz Limit: 2419
Processor Information for processor 3
  Max Mhz: 2419, Current Mhz: 2419, Mhz Limit: 2419
Processor Information for processor 4
  Max Mhz: 2419, Current Mhz: 2419, Mhz Limit: 2419
Processor Information for processor 5
  Max Mhz: 2419, Current Mhz: 1209, Mhz Limit: 2419
Processor Information for processor 6
  Max Mhz: 2419, Current Mhz: 2419, Mhz Limit: 2419
Processor Information for processor 7
  Max Mhz: 2419, Current Mhz: 2419, Mhz Limit: 2419

Memory: 4k page, system-wide physical 7890M (236M free)
TotalPageFile size 28186M (AvailPageFile size 33M)
current process WorkingSet (physical memory assigned to process): 14M, peak: 14M
current process commit charge ("private bytes"): 61M, peak: 184M

vm_info: Java HotSpot(TM) 64-Bit Server VM (24.0.1+9-30) for windows-amd64 JRE (24.0.1+9-30), built on 2025-03-05T07:23:45Z with MS VC++ 17.6 (VS2022)

END.
